../Core/Src/main.c:82:5:main	16	static
../Core/Src/main.c:207:6:SystemClock_Config	88	static
../Core/Src/main.c:253:13:MX_TIM2_Init	48	static
../Core/Src/main.c:306:13:MX_GPIO_Init	56	static
../Core/Src/main.c:429:6:zero	8	static
../Core/Src/main.c:439:6:one	8	static
../Core/Src/main.c:449:6:two	8	static
../Core/Src/main.c:459:6:three	8	static
../Core/Src/main.c:469:6:four	8	static
../Core/Src/main.c:479:6:five	8	static
../Core/Src/main.c:489:6:six	8	static
../Core/Src/main.c:499:6:seven	8	static
../Core/Src/main.c:509:6:eight	8	static
../Core/Src/main.c:519:6:nine	8	static
../Core/Src/main.c:529:6:digitClear	8	static
../Core/Src/main.c:539:6:controllingMotor	4	static
../Core/Src/main.c:544:6:initialStageDetect	8	static
../Core/Src/main.c:622:6:HAL_GPIO_EXTI_Callback	16	static
../Core/Src/main.c:663:6:Error_Handler	4	static,ignoring_inline_asm
